----------------------------------------------------------------
-Pin Report - Date: Wed Feb 12 16:13:44 2025 Pinchecksum: NOT-AVAILABLE
-Product: Designer
-Release: v2024.1
-Version: 2024.1.0.3
-Design Name: prj_2_memory_sb
-Family: SmartFusion2
-Die: M2S025T
-Package: 256 VF
-----------------------------------------------------------------

Port                |Pin |Fixed |Function                                   |Bank     |I/O Std   |Direction                      |I/O state in Flash*Freeze mode |Resistor Pull                      |I/O available in Flash*Freeze mode |Schmitt Trigger |Odt_Static    |Odt Imp (Ohm)  |Low Power Exit |Input Delay |Slew         |Pre-Emphasis      |Output Drive (mA) |Output Load (pF) |
--------------------|----|------|-------------------------------------------|---------|----------|-------------------------------|-------------------------------|-----------------------------------|-----------------------------------|----------------|--------------|---------------|---------------|------------|-------------|------------------|------------------|-----------------|
ecc_sel0             J12  Yes    MSIO13NB2/SPI_0_SS0/GPIO_7_A                Bank2     LVCMOS25   Input                           TRISTATE                        None                                No                                  Off              ---            ---             Off             Off          ---           ---                ---                ---               
ecc_sel1             K12  Yes    MSIO13PB2/SPI_0_SDO/GPIO_6_A                Bank2     LVCMOS25   Input                           TRISTATE                        None                                No                                  Off              ---            ---             Off             Off          ---           ---                ---                ---               
flag0                H16  Yes    MSIO11NB2/I2C_1_SCL/GPIO_1_A/CCC_NE1_CLKI0  Bank2     LVCMOS25   Output                          TRISTATE                        None                                No                                  ---              ---            ---             ---             ---          SLOW          ---                4                  5                 
flag1                J16  Yes    MSIO11PB2/I2C_1_SDA/GPIO_0_A/CCC_NE0_CLKI0  Bank2     LVCMOS25   Output                          TRISTATE                        None                                No                                  ---              ---            ---             ---             ---          SLOW          ---                4                  5                 
flag3                F5   Yes    MSIO95NB7                                   Bank7     LVCMOS25   Output                          TRISTATE                        None                                No                                  ---              ---            ---             ---             ---          SLOW          ---                4                  5                 
LED1                 L1   Yes    MSIOD119PB5/SERDES_0_REFCLK1_P              Bank5     LVCMOS25   Output                          TRISTATE                        None                                No                                  ---              ---            ---             ---             ---          SLOW          ---                4                  5                 
LED2                 K1   Yes    MSIOD119NB5/SERDES_0_REFCLK1_N              Bank5     LVCMOS25   Output                          TRISTATE                        None                                No                                  ---              ---            ---             ---             ---          SLOW          ---                4                  5                 
MCU_A_0              T6   Yes    MSIO120NB4/CCC_SW0_CLKI2                    Bank4     LVCMOS25   Input                           TRISTATE                        None                                No                                  Off              ---            ---             Off             Off          ---           ---                ---                ---               
MCU_A_1              P6   Yes    MSIO121PB4/PROBE_A                          Bank4     LVCMOS25   Input                           TRISTATE                        None                                No                                  Off              ---            ---             Off             Off          ---           ---                ---                ---               
MCU_A_2              R6   Yes    MSIO120PB4                                  Bank4     LVCMOS25   Input                           TRISTATE                        None                                No                                  Off              ---            ---             Off             Off          ---           ---                ---                ---               
MCU_A_3              P7   Yes    MSIO121NB4/PROBE_B                          Bank4     LVCMOS25   Input                           TRISTATE                        None                                No                                  Off              ---            ---             Off             Off          ---           ---                ---                ---               
MCU_A_4              T8   Yes    MSIO122NB4                                  Bank4     LVCMOS25   Input                           TRISTATE                        None                                No                                  Off              ---            ---             Off             Off          ---           ---                ---                ---               
MCU_A_5              T7   Yes    MSIO122PB4                                  Bank4     LVCMOS25   Input                           TRISTATE                        None                                No                                  Off              ---            ---             Off             Off          ---           ---                ---                ---               
MCU_A_6              R10  Yes    MSIO131NB4                                  Bank4     LVCMOS25   Input                           TRISTATE                        None                                No                                  Off              ---            ---             Off             Off          ---           ---                ---                ---               
MCU_A_7              K16  Yes    MSIO4PB2/USB_DATA2_B                        Bank2     LVCMOS25   Input                           TRISTATE                        None                                No                                  Off              ---            ---             Off             Off          ---           ---                ---                ---               
MCU_A_8              L14  Yes    MSIO5PB2/USB_DATA4_B                        Bank2     LVCMOS25   Input                           TRISTATE                        None                                No                                  Off              ---            ---             Off             Off          ---           ---                ---                ---               
MCU_A_9              N10  Yes    MSIO133NB4                                  Bank4     LVCMOS25   Input                           TRISTATE                        None                                No                                  Off              ---            ---             Off             Off          ---           ---                ---                ---               
MCU_A_10             M8   Yes    MSIO129NB4                                  Bank4     LVCMOS25   Input                           TRISTATE                        None                                No                                  Off              ---            ---             Off             Off          ---           ---                ---                ---               
MCU_A_11             N8   Yes    MSIO129PB4/CCC_SW1_CLKI3                    Bank4     LVCMOS25   Input                           TRISTATE                        None                                No                                  Off              ---            ---             Off             Off          ---           ---                ---                ---               
MCU_A_12             R9   Yes    MSIO130NB4                                  Bank4     LVCMOS25   Input                           TRISTATE                        None                                No                                  Off              ---            ---             Off             Off          ---           ---                ---                ---               
MCU_A_13             M16  Yes    MSIO1NB2/USB_DIR_B                          Bank2     LVCMOS25   Input                           TRISTATE                        None                                No                                  Off              ---            ---             Off             Off          ---           ---                ---                ---               
MCU_A_14             N7   Yes    MSIO125NB4/GB7/CCC_SW1_CLKI2                Bank4     LVCMOS25   Input                           TRISTATE                        None                                No                                  Off              ---            ---             Off             Off          ---           ---                ---                ---               
MCU_A_15             P9   Yes    MSIO131PB4/GB11/VCCC_SE0_CLKI               Bank4     LVCMOS25   Input                           TRISTATE                        None                                No                                  Off              ---            ---             Off             Off          ---           ---                ---                ---               
MCU_A_16             R12  Yes    MSIO138NB4                                  Bank4     LVCMOS25   Input                           TRISTATE                        None                                No                                  Off              ---            ---             Off             Off          ---           ---                ---                ---               
MCU_A_17             M9   Yes    MSIO132PB4                                  Bank4     LVCMOS25   Input                           TRISTATE                        None                                No                                  Off              ---            ---             Off             Off          ---           ---                ---                ---               
MCU_A_18             T9   Yes    MSIO130PB4/VCCC_SE0_CLKI                    Bank4     LVCMOS25   Input                           TRISTATE                        None                                No                                  Off              ---            ---             Off             Off          ---           ---                ---                ---               
MCU_A_19             G3   Yes    MSIO98PB7/CCC_NW1_CLKI0                     Bank7     LVCMOS25   Input                           TRISTATE                        None                                No                                  Off              ---            ---             Off             Off          ---           ---                ---                ---               
MCU_A_20             G2   Yes    MSIO98NB7                                   Bank7     LVCMOS25   Input                           TRISTATE                        None                                No                                  Off              ---            ---             Off             Off          ---           ---                ---                ---               
MCU_CS               M7   Yes    MSIO125PB4/GB3/CCC_SW0_CLKI3                Bank4     LVCMOS25   Input                           TRISTATE                        None                                No                                  Off              ---            ---             Off             Off          ---           ---                ---                ---               
mcu_fpga_io[0]       M10  Yes    MSIO132NB4                                  Bank4     LVCMOS25   Inout                           TRISTATE                        None                                No                                  Off              ---            ---             Off             Off          SLOW          ---                4                  5                 
mcu_fpga_io[1]       P8   Yes    MSIO126NB4                                  Bank4     LVCMOS25   Inout                           TRISTATE                        None                                No                                  Off              ---            ---             Off             Off          SLOW          ---                4                  5                 
mcu_fpga_io[2]       R8   Yes    MSIO126PB4                                  Bank4     LVCMOS25   Inout                           TRISTATE                        None                                No                                  Off              ---            ---             Off             Off          SLOW          ---                4                  5                 
mcu_fpga_io[3]       F4   Yes    MSIO96PB7/GB6/CCC_NW1_CLKI1                 Bank7     LVCMOS25   Inout                           TRISTATE                        None                                No                                  Off              ---            ---             Off             Off          SLOW          ---                4                  5                 
mcu_fpga_io[4]       N16  Yes    MSIO1PB2/USB_XCLK_B                         Bank2     LVCMOS25   Inout                           TRISTATE                        None                                No                                  Off              ---            ---             Off             Off          SLOW          ---                4                  5                 
mcu_fpga_io[5]       R13  Yes    MSIO145NB4                                  Bank4     LVCMOS25   Inout                           TRISTATE                        None                                No                                  Off              ---            ---             Off             Off          SLOW          ---                4                  5                 
mcu_fpga_io[6]       T13  Yes    MSIO145PB4                                  Bank4     LVCMOS25   Inout                           TRISTATE                        None                                No                                  Off              ---            ---             Off             Off          SLOW          ---                4                  5                 
mcu_fpga_io[7]       N15  Yes    MSIO0NB2/USB_DATA7_B                        Bank2     LVCMOS25   Inout                           TRISTATE                        None                                No                                  Off              ---            ---             Off             Off          SLOW          ---                4                  5                 
mcu_fpga_io[8]       M15  Yes    MSIO0PB2                                    Bank2     LVCMOS25   Inout                           TRISTATE                        None                                No                                  Off              ---            ---             Off             Off          SLOW          ---                4                  5                 
mcu_fpga_io[9]       P12  Yes    MSIO143PB4                                  Bank4     LVCMOS25   Inout                           TRISTATE                        None                                No                                  Off              ---            ---             Off             Off          SLOW          ---                4                  5                 
mcu_fpga_io[10]      T12  Yes    MSIO138PB4                                  Bank4     LVCMOS25   Inout                           TRISTATE                        None                                No                                  Off              ---            ---             Off             Off          SLOW          ---                4                  5                 
mcu_fpga_io[11]      N14  Yes    MSIO2PB2/USB_STP_B                          Bank2     LVCMOS25   Inout                           TRISTATE                        None                                No                                  Off              ---            ---             Off             Off          SLOW          ---                4                  5                 
mcu_fpga_io[12]      M13  Yes    MSIO2NB2/USB_NXT_B                          Bank2     LVCMOS25   Inout                           TRISTATE                        None                                No                                  Off              ---            ---             Off             Off          SLOW          ---                4                  5                 
mcu_fpga_io[13]      L12  Yes    MSIO3NB2/USB_DATA1_B                        Bank2     LVCMOS25   Inout                           TRISTATE                        None                                No                                  Off              ---            ---             Off             Off          SLOW          ---                4                  5                 
mcu_fpga_io[14]      L11  Yes    MSIO3PB2/USB_DATA0_B                        Bank2     LVCMOS25   Inout                           TRISTATE                        None                                No                                  Off              ---            ---             Off             Off          SLOW          ---                4                  5                 
mcu_fpga_io[15]      T11  Yes    MSIO134PB4/VCCC_SE1_CLKI                    Bank4     LVCMOS25   Inout                           TRISTATE                        None                                No                                  Off              ---            ---             Off             Off          SLOW          ---                4                  5                 
MCU_LB               H3   Yes    MSIO99PB7/CCC_NW0_CLKI0                     Bank7     LVCMOS25   Input                           TRISTATE                        None                                No                                  Off              ---            ---             Off             Off          ---           ---                ---                ---               
mcu_mem_io_down[0]   B15  Yes    DDRIO35NB0/MDDR_ADDR15                      Bank0     LVCMOS25   Inout                           TRISTATE                        None                                No                                  Off              ---            ---             Off             Off          SLOW          ---                4                  5                 
mcu_mem_io_down[1]   C15  Yes    DDRIO35PB0/MDDR_ADDR14                      Bank0     LVCMOS25   Inout                           TRISTATE                        None                                No                                  Off              ---            ---             Off             Off          SLOW          ---                4                  5                 
mcu_mem_io_down[2]   D13  Yes    DDRIO36NB0/MDDR_ADDR13                      Bank0     LVCMOS25   Inout                           TRISTATE                        None                                No                                  Off              ---            ---             Off             Off          SLOW          ---                4                  5                 
mcu_mem_io_down[3]   D14  Yes    DDRIO36PB0/MDDR_ADDR12                      Bank0     LVCMOS25   Inout                           TRISTATE                        None                                No                                  Off              ---            ---             Off             Off          SLOW          ---                4                  5                 
mcu_mem_io_down[4]   F15  Yes    DDRIO39NB0/MDDR_ADDR7                       Bank0     LVCMOS25   Inout                           TRISTATE                        None                                No                                  Off              ---            ---             Off             Off          SLOW          ---                4                  5                 
mcu_mem_io_down[5]   E14  Yes    DDRIO37PB0/MDDR_ADDR10                      Bank0     LVCMOS25   Inout                           TRISTATE                        None                                No                                  Off              ---            ---             Off             Off          SLOW          ---                4                  5                 
mcu_mem_io_down[6]   E15  Yes    DDRIO38NB0/MDDR_ADDR9                       Bank0     LVCMOS25   Inout                           TRISTATE                        None                                No                                  Off              ---            ---             Off             Off          SLOW          ---                4                  5                 
mcu_mem_io_down[7]   F16  Yes    DDRIO39PB0/MDDR_ODT                         Bank0     LVCMOS25   Inout                           TRISTATE                        None                                No                                  Off              ---            ---             Off             Off          SLOW          ---                4                  5                 
mcu_mem_io_down[8]   D4   Yes    DDRIO65PB0/GB0/CCC_NW0_CLKI3                Bank0     LVCMOS25   Inout                           TRISTATE                        None                                No                                  Off              ---            ---             Off             Off          SLOW          ---                4                  5                 
mcu_mem_io_down[9]   D3   Yes    DDRIO66PB0/MDDR_TMATCH_ECC_OUT              Bank0     LVCMOS25   Inout                           TRISTATE                        None                                No                                  Off              ---            ---             Off             Off          SLOW          ---                4                  5                 
mcu_mem_io_down[10]  E16  Yes    DDRIO40NB0/MDDR_ADDR6                       Bank0     LVCMOS25   Inout                           TRISTATE                        None                                No                                  Off              ---            ---             Off             Off          SLOW          ---                4                  5                 
mcu_mem_io_down[11]  D16  Yes    DDRIO40PB0/MDDR_ADDR5                       Bank0     LVCMOS25   Inout                           TRISTATE                        None                                No                                  Off              ---            ---             Off             Off          SLOW          ---                4                  5                 
mcu_mem_io_down[12]  C16  Yes    DDRIO41NB0/MDDR_ADDR4                       Bank0     LVCMOS25   Inout                           TRISTATE                        None                                No                                  Off              ---            ---             Off             Off          SLOW          ---                4                  5                 
mcu_mem_io_down[13]  B16  Yes    DDRIO41PB0/MDDR_ADDR3                       Bank0     LVCMOS25   Inout                           TRISTATE                        None                                No                                  Off              ---            ---             Off             Off          SLOW          ---                4                  5                 
mcu_mem_io_down[14]  E12  Yes    DDRIO42NB0/MDDR_ADDR2                       Bank0     LVCMOS25   Inout                           TRISTATE                        None                                No                                  Off              ---            ---             Off             Off          SLOW          ---                4                  5                 
mcu_mem_io_down[15]  E11  Yes    DDRIO42PB0/MDDR_ADDR1                       Bank0     LVCMOS25   Inout                           TRISTATE                        None                                No                                  Off              ---            ---             Off             Off          SLOW          ---                4                  5                 
mcu_mem_io_up[0]     C14  Yes    DDRIO43NB0/MDDR_ADDR0                       Bank0     LVCMOS25   Inout                           TRISTATE                        None                                No                                  Off              ---            ---             Off             Off          SLOW          ---                4                  5                 
mcu_mem_io_up[1]     B13  Yes    DDRIO43PB0/MDDR_BA2                         Bank0     LVCMOS25   Inout                           TRISTATE                        None                                No                                  Off              ---            ---             Off             Off          SLOW          ---                4                  5                 
mcu_mem_io_up[2]     F13  Yes    DDRIO37NB0/MDDR_ADDR11                      Bank0     LVCMOS25   Inout                           TRISTATE                        None                                No                                  Off              ---            ---             Off             Off          SLOW          ---                4                  5                 
mcu_mem_io_up[3]     C12  Yes    DDRIO44PB0/MDDR_BA0                         Bank0     LVCMOS25   Inout                           TRISTATE                        None                                No                                  Off              ---            ---             Off             Off          SLOW          ---                4                  5                 
mcu_mem_io_up[4]     A15  Yes    DDRIO45NB0/MDDR_CLK_N                       Bank0     LVCMOS25   Inout                           TRISTATE                        None                                No                                  Off              ---            ---             Off             Off          SLOW          ---                4                  5                 
mcu_mem_io_up[5]     A14  Yes    DDRIO45PB0/MDDR_CLK                         Bank0     LVCMOS25   Inout                           TRISTATE                        None                                No                                  Off              ---            ---             Off             Off          SLOW          ---                4                  5                 
mcu_mem_io_up[6]     A13  Yes    DDRIO46PB0/MDDR_RESET_N                     Bank0     LVCMOS25   Inout                           TRISTATE                        None                                No                                  Off              ---            ---             Off             Off          SLOW          ---                4                  5                 
mcu_mem_io_up[7]     A12  Yes    DDRIO46NB0/MDDR_CAS_N                       Bank0     LVCMOS25   Inout                           TRISTATE                        None                                No                                  Off              ---            ---             Off             Off          SLOW          ---                4                  5                 
mcu_mem_io_up[8]     D11  Yes    DDRIO47NB0/MDDR_CS_N                        Bank0     LVCMOS25   Inout                           TRISTATE                        None                                No                                  Off              ---            ---             Off             Off          SLOW          ---                4                  5                 
mcu_mem_io_up[9]     E10  Yes    DDRIO47PB0/MDDR_CKE                         Bank0     LVCMOS25   Inout                           TRISTATE                        None                                No                                  Off              ---            ---             Off             Off          SLOW          ---                4                  5                 
mcu_mem_io_up[10]    C11  Yes    DDRIO48NB0/MDDR_WE_N                        Bank0     LVCMOS25   Inout                           TRISTATE                        None                                No                                  Off              ---            ---             Off             Off          SLOW          ---                4                  5                 
mcu_mem_io_up[11]    B12  Yes    DDRIO48PB0/MDDR_RAS_N                       Bank0     LVCMOS25   Inout                           TRISTATE                        None                                No                                  Off              ---            ---             Off             Off          SLOW          ---                4                  5                 
mcu_mem_io_up[12]    C1   Yes    DDRIO64PB0/MDDR_DQS_ECC                     Bank0     LVCMOS25   Inout                           TRISTATE                        None                                No                                  Off              ---            ---             Off             Off          SLOW          ---                4                  5                 
mcu_mem_io_up[13]    E2   Yes    DDRIO66NB0/CCC_NW0_CLKI2                    Bank0     LVCMOS25   Inout                           TRISTATE                        None                                No                                  Off              ---            ---             Off             Off          SLOW          ---                4                  5                 
mcu_mem_io_up[14]    B10  Yes    DDRIO50NB0/MDDR_DQ13                        Bank0     LVCMOS25   Inout                           TRISTATE                        None                                No                                  Off              ---            ---             Off             Off          SLOW          ---                4                  5                 
mcu_mem_io_up[15]    B11  Yes    DDRIO50PB0/MDDR_DQ12/GB12/CCC_NE1_CLKI2     Bank0     LVCMOS25   Inout                           TRISTATE                        None                                No                                  Off              ---            ---             Off             Off          SLOW          ---                4                  5                 
MCU_OE               H4   Yes    MSIO99NB7                                   Bank7     LVCMOS25   Input                           TRISTATE                        None                                No                                  Off              ---            ---             Off             Off          ---           ---                ---                ---               
MCU_UB               K15  Yes    MSIO6NB2                                    Bank2     LVCMOS25   Input                           TRISTATE                        None                                No                                  Off              ---            ---             Off             Off          ---           ---                ---                ---               
MCU_WE               F3   Yes    MSIO96NB7                                   Bank7     LVCMOS25   Input                           TRISTATE                        None                                No                                  Off              ---            ---             Off             Off          ---           ---                ---                ---               
SRAM_A_0             C10  Yes    DDRIO51NB0/MDDR_DM_RDQS1                    Bank0     LVCMOS25   Output                          TRISTATE                        None                                No                                  ---              ---            ---             ---             ---          SLOW          ---                4                  5                 
SRAM_A_1             B8   Yes    DDRIO51PB0/MDDR_TMATCH_0_IN                 Bank0     LVCMOS25   Output                          TRISTATE                        None                                No                                  ---              ---            ---             ---             ---          SLOW          ---                4                  5                 
SRAM_A_2             A10  Yes    DDRIO52NB0/MDDR_DQS1_N                      Bank0     LVCMOS25   Output                          TRISTATE                        None                                No                                  ---              ---            ---             ---             ---          SLOW          ---                4                  5                 
SRAM_A_3             A9   Yes    DDRIO52PB0/MDDR_DQS1/GB8/CCC_NE0_CLKI3      Bank0     LVCMOS25   Output                          TRISTATE                        None                                No                                  ---              ---            ---             ---             ---          SLOW          ---                4                  5                 
SRAM_A_4             D8   Yes    DDRIO53NB0/MDDR_DQ11                        Bank0     LVCMOS25   Output                          TRISTATE                        None                                No                                  ---              ---            ---             ---             ---          SLOW          ---                4                  5                 
SRAM_A_5             D7   Yes    DDRIO53PB0/MDDR_DQ10/CCC_NE0_CLKI2          Bank0     LVCMOS25   Output                          TRISTATE                        None                                No                                  ---              ---            ---             ---             ---          SLOW          ---                4                  5                 
SRAM_A_6             C9   Yes    DDRIO54NB0/MDDR_DQ9                         Bank0     LVCMOS25   Output                          TRISTATE                        None                                No                                  ---              ---            ---             ---             ---          SLOW          ---                4                  5                 
SRAM_A_7             C8   Yes    DDRIO54PB0/MDDR_DQ8                         Bank0     LVCMOS25   Output                          TRISTATE                        None                                No                                  ---              ---            ---             ---             ---          SLOW          ---                4                  5                 
SRAM_A_8             A8   Yes    DDRIO55NB0/MDDR_TMATCH_0_OUT                Bank0     LVCMOS25   Output                          TRISTATE                        None                                No                                  ---              ---            ---             ---             ---          SLOW          ---                4                  5                 
SRAM_A_9             A7   Yes    DDRIO55PB0/MDDR_DQ7                         Bank0     LVCMOS25   Output                          TRISTATE                        None                                No                                  ---              ---            ---             ---             ---          SLOW          ---                4                  5                 
SRAM_A_10            C6   Yes    DDRIO56NB0/MDDR_DQ6                         Bank0     LVCMOS25   Output                          TRISTATE                        None                                No                                  ---              ---            ---             ---             ---          SLOW          ---                4                  5                 
SRAM_A_11            B7   Yes    DDRIO56PB0/MDDR_DQ5                         Bank0     LVCMOS25   Output                          TRISTATE                        None                                No                                  ---              ---            ---             ---             ---          SLOW          ---                4                  5                 
SRAM_A_12            B3   Yes    DDRIO57NB0/MDDR_DQ4                         Bank0     LVCMOS25   Output                          TRISTATE                        None                                No                                  ---              ---            ---             ---             ---          SLOW          ---                4                  5                 
SRAM_A_13            A3   Yes    DDRIO57PB0/MDDR_DM_RDQS0                    Bank0     LVCMOS25   Output                          TRISTATE                        None                                No                                  ---              ---            ---             ---             ---          SLOW          ---                4                  5                 
SRAM_A_14            A4   Yes    DDRIO58NB0/MDDR_DQS0_N                      Bank0     LVCMOS25   Output                          TRISTATE                        None                                No                                  ---              ---            ---             ---             ---          SLOW          ---                4                  5                 
SRAM_A_15            A5   Yes    DDRIO58PB0/MDDR_DQS0                        Bank0     LVCMOS25   Output                          TRISTATE                        None                                No                                  ---              ---            ---             ---             ---          SLOW          ---                4                  5                 
SRAM_A_16            B5   Yes    DDRIO59NB0/MDDR_DQ3                         Bank0     LVCMOS25   Output                          TRISTATE                        None                                No                                  ---              ---            ---             ---             ---          SLOW          ---                4                  5                 
SRAM_A_17            B6   Yes    DDRIO59PB0/MDDR_DQ2                         Bank0     LVCMOS25   Output                          TRISTATE                        None                                No                                  ---              ---            ---             ---             ---          SLOW          ---                4                  5                 
SRAM_A_18            A2   Yes    DDRIO60NB0/MDDR_DQ1                         Bank0     LVCMOS25   Output                          TRISTATE                        None                                No                                  ---              ---            ---             ---             ---          SLOW          ---                4                  5                 
SRAM_A_19            B2   Yes    DDRIO60PB0/MDDR_DQ0                         Bank0     LVCMOS25   Output                          TRISTATE                        None                                No                                  ---              ---            ---             ---             ---          SLOW          ---                4                  5                 
SRAM_A_20            D2   Yes    DDRIO61NB0                                  Bank0     LVCMOS25   Output                          TRISTATE                        None                                No                                  ---              ---            ---             ---             ---          SLOW          ---                4                  5                 
SRAM_CS1             D1   Yes    DDRIO61PB0/CCC_NW1_CLKI3                    Bank0     LVCMOS25   Output                          TRISTATE                        None                                No                                  ---              ---            ---             ---             ---          SLOW          ---                4                  5                 
SRAM_CS2             F14  Yes    DDRIO38PB0/MDDR_ADDR8                       Bank0     LVCMOS25   Output                          TRISTATE                        None                                No                                  ---              ---            ---             ---             ---          SLOW          ---                4                  5                 
SRAM_LB              C5   Yes    DDRIO62PB0/MDDR_DQ_ECC3                     Bank0     LVCMOS25   Output                          TRISTATE                        None                                No                                  ---              ---            ---             ---             ---          SLOW          ---                4                  5                 
SRAM_OE              C3   Yes    DDRIO63NB0/MDDR_DM_RDQS_ECC                 Bank0     LVCMOS25   Output                          TRISTATE                        None                                No                                  ---              ---            ---             ---             ---          SLOW          ---                4                  5                 
SRAM_UB              C4   Yes    DDRIO63PB0/MDDR_TMATCH_ECC_IN               Bank0     LVCMOS25   Output                          TRISTATE                        None                                No                                  ---              ---            ---             ---             ---          SLOW          ---                4                  5                 
SRAM_WE              B1   Yes    DDRIO64NB0/MDDR_DQS_ECC_N                   Bank0     LVCMOS25   Output                          TRISTATE                        None                                No                                  ---              ---            ---             ---             ---          SLOW          ---                4                  5                 
turn_on_generator    G5   Yes    MSIO95PB7                                   Bank7     LVCMOS25   Input                           TRISTATE                        None                                No                                  Off              ---            ---             Off             Off          ---           ---                ---                ---               
