Resource Report
Microchip Technology Inc. - Microchip Libero Software Release 2025.2 (Version 2025.2.0.14)
Date: Mon Jun 29 09:56:05 2026

Device Selection
+--------------------------------+----------------+
| Family                         | SmartFusion2   |
| Device                         | M2S025T        |
| Package                        | 256 VF         |
| Speed Grade                    | STD            |
| Temp                           | 0:25:85        |
| Voltage                        | 1.26:1.20:1.14 |
| Core Voltage                   | 1.2V           |
| Ramp Rate                      | 100ms Minimum  |
| System Controller Suspend Mode | No             |
| PLL Supply Voltage             | 2.5V           |
| Default I/O technology         | LVCMOS 2.5V    |
| Restrict Probe Pins            | No             |
| Restrict SPI Pins              | No             |
+--------------------------------+----------------+

Source Files
+---------+---------------------------------------------------------------------------------------+
| Topcell | prj_2_memory_sb                                                                       |
| Format  | Verilog                                                                               |
| Source  | C:\Users\Acacio\Documents\GitHub\FPGA_design\FPGA2memory\synthesis\prj_2_memory_sb.vm |
+---------+---------------------------------------------------------------------------------------+

Options
+----------------------------------------------------+-------+
| Enable Single Event Transient mitigation           | false |
| Enable Design Separation Methodology               | false |
| Limit the number of high fanout nets to display to | 10    |
+----------------------------------------------------+-------+

Resource Usage
+---------------------------+------+-------+------------+
| Type                      | Used | Total | Percentage |
+---------------------------+------+-------+------------+
| 4LUT                      | 298  | 27696 | 1.08       |
| DFF                       | 6    | 27696 | 0.02       |
| I/O Register              | 0    | 414   | 0.00       |
| User I/O                  | 109  | 138   | 78.99      |
| -- Single-ended I/O       | 109  | 138   | 78.99      |
| -- Differential I/O Pairs | 0    | 65    | 0.00       |
| RAM64x18                  | 0    | 34    | 0.00       |
| RAM1K18                   | 0    | 31    | 0.00       |
| MACC                      | 0    | 34    | 0.00       |
| Chip Globals              | 1    | 16    | 6.25       |
| CCC                       | 0    | 6     | 0.00       |
| RCOSC_25_50MHZ            | 1    | 1     | 100.00     |
| RCOSC_1MHZ                | 0    | 1     | 0.00       |
| XTLOSC                    | 0    | 1     | 0.00       |
| SERDESIF Blocks           | 0    | 1     | 0.00       |
| -- SERDESIF Lanes         | 0    | 2     | 0.00       |
| MSS                       | 0    | 1     | 0.00       |
+---------------------------+------+-------+------------+

Detailed Logic Resource Usage
+--------------------------+------+-----+
| Type                     | 4LUT | DFF |
+--------------------------+------+-----+
| Fabric Logic             | 298  | 6   |
| RAM64x18 Interface Logic | 0    | 0   |
| RAM1K18 Interface Logic  | 0    | 0   |
| MACC Interface Logic     | 0    | 0   |
| Total Used               | 298  | 6   |
+--------------------------+------+-----+

I/O Function
+-------------------------------+--------------+-------------+-----------------+
| Type                          | w/o register | w/ register | w/ DDR register |
+-------------------------------+--------------+-------------+-----------------+
| Input I/O                     | 29           | 0           | 0               |
| Output I/O                    | 32           | 0           | 0               |
| Bidirectional I/O             | 48           | 0           | 0               |
| Differential Input I/O Pairs  | 0            | 0           | 0               |
| Differential Output I/O Pairs | 0            | 0           | 0               |
+-------------------------------+--------------+-------------+-----------------+

I/O Technology
+--------------+--------+------+-------+--------+---------------+
| I/O Standard | Vddi   | Vref | Input | Output | Bidirectional |
+--------------+--------+------+-------+--------+---------------+
| LVCMOS25     |  2.50v |  N/A |  29   |  32    |  48           |
+--------------+--------+------+-------+--------+---------------+

Nets assigned to chip global resources
+--------+---------+---------------------------------------------------------------+
| Fanout | Type    | Name                                                          |
+--------+---------+---------------------------------------------------------------+
| 3      | INT_NET | Net   : OSC_C0_0_RCOSC_25_50MHZ_O2F                           |
|        |         | Driver: OSC_C0_0/OSC_C0_0/I_RCOSC_25_50MHZ_FAB_CLKINT/U0_RGB1 |
|        |         | Source: NETLIST                                               |
+--------+---------+---------------------------------------------------------------+

Nets assigned to row global resources
+--------+------+------+
| Fanout | Type | Name |
+--------+------+------+
+--------+------+------+

High fanout nets
+--------+---------+-----------------------------------------------------------------+
| Fanout | Type    | Name                                                            |
+--------+---------+-----------------------------------------------------------------+
| 67     | INT_NET | Net   : fpga_mem_io_down_1                                      |
|        |         | Driver: fpga_top_design_0/fpga_mem_io_down_1                    |
| 66     | INT_NET | Net   : ecc_sel1_c                                              |
|        |         | Driver: ecc_sel1_ibuf                                           |
| 56     | INT_NET | Net   : fpga_mem_io_up_1                                        |
|        |         | Driver: fpga_top_design_0/fpga_mem_io_up_1                      |
| 31     | INT_NET | Net   : ecc_sel2_c                                              |
|        |         | Driver: ecc_sel2_ibuf                                           |
| 23     | INT_NET | Net   : fpga_top_design_0/modulo/data_out_left_sn_N_2           |
|        |         | Driver: fpga_top_design_0/modulo/data_out_left_sn_m1            |
| 21     | INT_NET | Net   : ecc_sel0_c                                              |
|        |         | Driver: ecc_sel0_ibuf                                           |
| 16     | INT_NET | Net   : fpga_top_design_0_mcu_fpga_io_1_i                       |
|        |         | Driver: fpga_top_design_0/mcu_fpga_io_1_RNIF86G                 |
| 16     | INT_NET | Net   : fpga_top_design_0/modulo/data_out_right_down_sn_N_5_mux |
|        |         | Driver: fpga_top_design_0/modulo/data_out_right_down_sn_m3      |
| 13     | INT_NET | Net   : fpga_top_design_0/decoder_input_up[3]                   |
|        |         | Driver: fpga_top_design_0/fpga_mem_io_up_1_RNIAOF5D             |
| 12     | INT_NET | Net   : fpga_top_design_0/decoder_input_up[2]                   |
|        |         | Driver: fpga_top_design_0/fpga_mem_io_up_1_RNI9NF5D             |
+--------+---------+-----------------------------------------------------------------+

High fanout nets (through buffer trees)
+--------+---------+-----------------------------------------------------------------+
| Fanout | Type    | Name                                                            |
+--------+---------+-----------------------------------------------------------------+
| 67     | INT_NET | Net   : fpga_mem_io_down_1                                      |
|        |         | Driver: fpga_top_design_0/fpga_mem_io_down_1                    |
| 66     | INT_NET | Net   : ecc_sel1_c                                              |
|        |         | Driver: ecc_sel1_ibuf                                           |
| 56     | INT_NET | Net   : fpga_mem_io_up_1                                        |
|        |         | Driver: fpga_top_design_0/fpga_mem_io_up_1                      |
| 31     | INT_NET | Net   : ecc_sel2_c                                              |
|        |         | Driver: ecc_sel2_ibuf                                           |
| 23     | INT_NET | Net   : fpga_top_design_0/modulo/data_out_left_sn_N_2           |
|        |         | Driver: fpga_top_design_0/modulo/data_out_left_sn_m1            |
| 21     | INT_NET | Net   : ecc_sel0_c                                              |
|        |         | Driver: ecc_sel0_ibuf                                           |
| 16     | INT_NET | Net   : fpga_top_design_0_mcu_fpga_io_1_i                       |
|        |         | Driver: fpga_top_design_0/mcu_fpga_io_1_RNIF86G                 |
| 16     | INT_NET | Net   : fpga_top_design_0/modulo/data_out_right_down_sn_N_5_mux |
|        |         | Driver: fpga_top_design_0/modulo/data_out_right_down_sn_m3      |
| 13     | INT_NET | Net   : fpga_top_design_0/decoder_input_up[3]                   |
|        |         | Driver: fpga_top_design_0/fpga_mem_io_up_1_RNIAOF5D             |
| 12     | INT_NET | Net   : fpga_top_design_0/decoder_input_up[2]                   |
|        |         | Driver: fpga_top_design_0/fpga_mem_io_up_1_RNI9NF5D             |
+--------+---------+-----------------------------------------------------------------+

