
Copyright (C) 1994-2025 Synopsys, Inc.
This Synopsys software and all associated documentation are proprietary to Synopsys, Inc.
and may only be used pursuant to the terms and conditions of a written license agreement
with Synopsys, Inc. All other use, reproduction, modification, or distribution of the
Synopsys software or the associated documentation is strictly prohibited.
Tool: Synplify Pro (R)
Build: W-2025.03M-SP1-1
Install: C:\Microchip\Libero_SoC_2025.2\Libero_SoC\Synplify_Pro
OS: Windows 10 or later
Hostname: DESKTOP-RBAIS6T

Implementation : synthesis
Synopsys HDL compiler and linker, Version comp202503synp2, Build 183R, Built Nov 18 2025 09:08:11, @

Modified Files: 30
FID:  path (prevtimestamp, timestamp)
52       C:\Microchip\Libero_SoC_2025.2\Libero_SoC\Synplify_Pro\lib\generic\smartfusion2.v (N/A, 2025-11-18 11:14:14)
53       C:\Microchip\Libero_SoC_2025.2\Libero_SoC\Synplify_Pro\lib\vlog\hypermods.v (N/A, 2025-11-18 13:58:24)
54       C:\Microchip\Libero_SoC_2025.2\Libero_SoC\Synplify_Pro\lib\vlog\scemi_objects.v (N/A, 2025-11-18 13:58:24)
55       C:\Microchip\Libero_SoC_2025.2\Libero_SoC\Synplify_Pro\lib\vlog\scemi_pipes.svh (N/A, 2025-11-18 13:58:24)
0        C:\Microchip\Libero_SoC_v2024.1\SynplifyPro\lib\generic\smartfusion2.v (2024-01-04 13:11:02, N/A)
1        C:\Microchip\Libero_SoC_v2024.1\SynplifyPro\lib\vlog\hypermods.v (2024-01-04 13:04:40, N/A)
2        C:\Microchip\Libero_SoC_v2024.1\SynplifyPro\lib\vlog\scemi_objects.v (2024-01-04 13:04:40, N/A)
3        C:\Microchip\Libero_SoC_v2024.1\SynplifyPro\lib\vlog\scemi_pipes.svh (2024-01-04 13:04:40, N/A)
4        C:\Microchip\Libero_SoC_v2024.1\SynplifyPro\lib\vlog\umr_capim.v (2024-01-04 13:08:34, N/A)
56       C:\Users\Acacio\Documents\GitHub\FPGA_design\FPGA2memory\component\Actel\SgCore\OSC\2.0.101\osc_comps.v (N/A, 2025-05-28 11:46:25)
57       C:\Users\Acacio\Documents\GitHub\FPGA_design\FPGA2memory\component\syn_comps.v (N/A, 2026-06-29 09:55:40)
58       C:\Users\Acacio\Documents\GitHub\FPGA_design\FPGA2memory\component\work\OSC_C0\OSC_C0.v (N/A, 2025-05-28 11:46:25)
59       C:\Users\Acacio\Documents\GitHub\FPGA_design\FPGA2memory\component\work\OSC_C0\OSC_C0_0\OSC_C0_OSC_C0_0_OSC.v (N/A, 2025-05-28 11:46:25)
60       C:\Users\Acacio\Documents\GitHub\FPGA_design\FPGA2memory\component\work\prj_2_memory_sb\prj_2_memory_sb.v (N/A, 2026-06-29 09:55:06)
61       C:\Users\Acacio\Documents\GitHub\FPGA_design\FPGA2memory\hdl\MRSC_decoder.sv (N/A, 2025-05-28 11:46:25)
62       C:\Users\Acacio\Documents\GitHub\FPGA_design\FPGA2memory\hdl\MRSC_encoder.sv (N/A, 2025-05-28 11:46:25)
63       C:\Users\Acacio\Documents\GitHub\FPGA_design\FPGA2memory\hdl\TBEC_RSC_decoder.sv (N/A, 2025-05-28 11:46:25)
64       C:\Users\Acacio\Documents\GitHub\FPGA_design\FPGA2memory\hdl\TBEC_RSC_encoder.sv (N/A, 2025-05-28 11:46:25)
65       C:\Users\Acacio\Documents\GitHub\FPGA_design\FPGA2memory\hdl\design.sv (N/A, 2025-05-28 11:46:25)
66       C:\Users\Acacio\Documents\GitHub\FPGA_design\FPGA2memory\hdl\ecc_design.sv (N/A, 2026-06-29 09:55:06)
42       C:\Users\Jmano\Projetos_LESC\FPGA_design\FPGA2memory\component\Actel\SgCore\OSC\2.0.101\osc_comps.v (2025-03-12 13:32:57, N/A)
43       C:\Users\Jmano\Projetos_LESC\FPGA_design\FPGA2memory\component\work\OSC_C0\OSC_C0.v (2025-03-12 13:32:57, N/A)
44       C:\Users\Jmano\Projetos_LESC\FPGA_design\FPGA2memory\component\work\OSC_C0\OSC_C0_0\OSC_C0_OSC_C0_0_OSC.v (2025-03-12 13:32:57, N/A)
45       C:\Users\Jmano\Projetos_LESC\FPGA_design\FPGA2memory\component\work\prj_2_memory_sb\prj_2_memory_sb.v (2025-05-16 10:52:19, N/A)
46       C:\Users\Jmano\Projetos_LESC\FPGA_design\FPGA2memory\hdl\MRSC_decoder.sv (2025-03-12 13:32:58, N/A)
47       C:\Users\Jmano\Projetos_LESC\FPGA_design\FPGA2memory\hdl\MRSC_encoder.sv (2025-03-12 13:32:58, N/A)
48       C:\Users\Jmano\Projetos_LESC\FPGA_design\FPGA2memory\hdl\TBEC_RSC_decoder.sv (2025-03-12 13:32:58, N/A)
49       C:\Users\Jmano\Projetos_LESC\FPGA_design\FPGA2memory\hdl\TBEC_RSC_encoder.sv (2025-03-12 13:32:58, N/A)
50       C:\Users\Jmano\Projetos_LESC\FPGA_design\FPGA2memory\hdl\design.sv (2025-05-16 10:43:21, N/A)
51       C:\Users\Jmano\Projetos_LESC\FPGA_design\FPGA2memory\hdl\ecc_design.sv (2025-05-16 10:52:14, N/A)

*******************************************************************
Modules that may have changed as a result of file changes: 16
MID:  lib.cell.view
20       work.MCHP_BLIC.verilog may have changed because the following files changed:
                        C:\Users\Acacio\Documents\GitHub\FPGA_design\FPGA2memory\component\syn_comps.v (N/A, 2026-06-29 09:55:40) <-- (module definition)
0        work.MRSC_decoder.verilog may have changed because the following files changed:
                        C:\Users\Acacio\Documents\GitHub\FPGA_design\FPGA2memory\component\work\prj_2_memory_sb\prj_2_memory_sb.v (N/A, 2026-06-29 09:55:06) <-- (may instantiate this module)
                        C:\Users\Acacio\Documents\GitHub\FPGA_design\FPGA2memory\hdl\MRSC_decoder.sv (N/A, 2025-05-28 11:46:25) <-- (module definition)
                        C:\Users\Acacio\Documents\GitHub\FPGA_design\FPGA2memory\hdl\MRSC_encoder.sv (N/A, 2025-05-28 11:46:25) <-- (may instantiate this module)
                        C:\Users\Acacio\Documents\GitHub\FPGA_design\FPGA2memory\hdl\TBEC_RSC_decoder.sv (N/A, 2025-05-28 11:46:25) <-- (may instantiate this module)
                        C:\Users\Acacio\Documents\GitHub\FPGA_design\FPGA2memory\hdl\TBEC_RSC_encoder.sv (N/A, 2025-05-28 11:46:25) <-- (may instantiate this module)
                        C:\Users\Acacio\Documents\GitHub\FPGA_design\FPGA2memory\hdl\design.sv (N/A, 2025-05-28 11:46:25) <-- (may instantiate this module)
                        C:\Users\Acacio\Documents\GitHub\FPGA_design\FPGA2memory\hdl\ecc_design.sv (N/A, 2026-06-29 09:55:06) <-- (may instantiate this module)
1        work.MRSC_encoder.verilog may have changed because the following files changed:
                        C:\Users\Acacio\Documents\GitHub\FPGA_design\FPGA2memory\component\work\prj_2_memory_sb\prj_2_memory_sb.v (N/A, 2026-06-29 09:55:06) <-- (may instantiate this module)
                        C:\Users\Acacio\Documents\GitHub\FPGA_design\FPGA2memory\hdl\MRSC_decoder.sv (N/A, 2025-05-28 11:46:25) <-- (may instantiate this module)
                        C:\Users\Acacio\Documents\GitHub\FPGA_design\FPGA2memory\hdl\MRSC_encoder.sv (N/A, 2025-05-28 11:46:25) <-- (module definition)
                        C:\Users\Acacio\Documents\GitHub\FPGA_design\FPGA2memory\hdl\TBEC_RSC_decoder.sv (N/A, 2025-05-28 11:46:25) <-- (may instantiate this module)
                        C:\Users\Acacio\Documents\GitHub\FPGA_design\FPGA2memory\hdl\TBEC_RSC_encoder.sv (N/A, 2025-05-28 11:46:25) <-- (may instantiate this module)
                        C:\Users\Acacio\Documents\GitHub\FPGA_design\FPGA2memory\hdl\design.sv (N/A, 2025-05-28 11:46:25) <-- (may instantiate this module)
                        C:\Users\Acacio\Documents\GitHub\FPGA_design\FPGA2memory\hdl\ecc_design.sv (N/A, 2026-06-29 09:55:06) <-- (may instantiate this module)
7        work.OSC_C0.verilog may have changed because the following files changed:
                        C:\Users\Acacio\Documents\GitHub\FPGA_design\FPGA2memory\component\work\OSC_C0\OSC_C0.v (N/A, 2025-05-28 11:46:25) <-- (module definition)
                        C:\Users\Acacio\Documents\GitHub\FPGA_design\FPGA2memory\component\work\prj_2_memory_sb\prj_2_memory_sb.v (N/A, 2026-06-29 09:55:06) <-- (may instantiate this module)
8        work.OSC_C0_OSC_C0_0_OSC.verilog may have changed because the following files changed:
                        C:\Users\Acacio\Documents\GitHub\FPGA_design\FPGA2memory\component\work\OSC_C0\OSC_C0.v (N/A, 2025-05-28 11:46:25) <-- (may instantiate this module)
                        C:\Users\Acacio\Documents\GitHub\FPGA_design\FPGA2memory\component\work\OSC_C0\OSC_C0_0\OSC_C0_OSC_C0_0_OSC.v (N/A, 2025-05-28 11:46:25) <-- (module definition)
                        C:\Users\Acacio\Documents\GitHub\FPGA_design\FPGA2memory\component\work\prj_2_memory_sb\prj_2_memory_sb.v (N/A, 2026-06-29 09:55:06) <-- (may instantiate this module)
9        work.RCOSC_1MHZ.verilog may have changed because the following files changed:
                        C:\Users\Acacio\Documents\GitHub\FPGA_design\FPGA2memory\component\Actel\SgCore\OSC\2.0.101\osc_comps.v (N/A, 2025-05-28 11:46:25) <-- (module definition)
                        C:\Users\Acacio\Documents\GitHub\FPGA_design\FPGA2memory\component\work\OSC_C0\OSC_C0.v (N/A, 2025-05-28 11:46:25) <-- (may instantiate this module)
                        C:\Users\Acacio\Documents\GitHub\FPGA_design\FPGA2memory\component\work\OSC_C0\OSC_C0_0\OSC_C0_OSC_C0_0_OSC.v (N/A, 2025-05-28 11:46:25) <-- (may instantiate this module)
                        C:\Users\Acacio\Documents\GitHub\FPGA_design\FPGA2memory\component\work\prj_2_memory_sb\prj_2_memory_sb.v (N/A, 2026-06-29 09:55:06) <-- (may instantiate this module)
10       work.RCOSC_1MHZ_FAB.verilog may have changed because the following files changed:
                        C:\Users\Acacio\Documents\GitHub\FPGA_design\FPGA2memory\component\Actel\SgCore\OSC\2.0.101\osc_comps.v (N/A, 2025-05-28 11:46:25) <-- (module definition)
                        C:\Users\Acacio\Documents\GitHub\FPGA_design\FPGA2memory\component\work\OSC_C0\OSC_C0.v (N/A, 2025-05-28 11:46:25) <-- (may instantiate this module)
                        C:\Users\Acacio\Documents\GitHub\FPGA_design\FPGA2memory\component\work\OSC_C0\OSC_C0_0\OSC_C0_OSC_C0_0_OSC.v (N/A, 2025-05-28 11:46:25) <-- (may instantiate this module)
                        C:\Users\Acacio\Documents\GitHub\FPGA_design\FPGA2memory\component\work\prj_2_memory_sb\prj_2_memory_sb.v (N/A, 2026-06-29 09:55:06) <-- (may instantiate this module)
11       work.RCOSC_25_50MHZ.verilog may have changed because the following files changed:
                        C:\Users\Acacio\Documents\GitHub\FPGA_design\FPGA2memory\component\Actel\SgCore\OSC\2.0.101\osc_comps.v (N/A, 2025-05-28 11:46:25) <-- (module definition)
                        C:\Users\Acacio\Documents\GitHub\FPGA_design\FPGA2memory\component\work\OSC_C0\OSC_C0.v (N/A, 2025-05-28 11:46:25) <-- (may instantiate this module)
                        C:\Users\Acacio\Documents\GitHub\FPGA_design\FPGA2memory\component\work\OSC_C0\OSC_C0_0\OSC_C0_OSC_C0_0_OSC.v (N/A, 2025-05-28 11:46:25) <-- (may instantiate this module)
                        C:\Users\Acacio\Documents\GitHub\FPGA_design\FPGA2memory\component\work\prj_2_memory_sb\prj_2_memory_sb.v (N/A, 2026-06-29 09:55:06) <-- (may instantiate this module)
12       work.RCOSC_25_50MHZ_FAB.verilog may have changed because the following files changed:
                        C:\Users\Acacio\Documents\GitHub\FPGA_design\FPGA2memory\component\Actel\SgCore\OSC\2.0.101\osc_comps.v (N/A, 2025-05-28 11:46:25) <-- (module definition)
                        C:\Users\Acacio\Documents\GitHub\FPGA_design\FPGA2memory\component\work\OSC_C0\OSC_C0.v (N/A, 2025-05-28 11:46:25) <-- (may instantiate this module)
                        C:\Users\Acacio\Documents\GitHub\FPGA_design\FPGA2memory\component\work\OSC_C0\OSC_C0_0\OSC_C0_OSC_C0_0_OSC.v (N/A, 2025-05-28 11:46:25) <-- (may instantiate this module)
                        C:\Users\Acacio\Documents\GitHub\FPGA_design\FPGA2memory\component\work\prj_2_memory_sb\prj_2_memory_sb.v (N/A, 2026-06-29 09:55:06) <-- (may instantiate this module)
2        work.TBEC_RSC_decoder.verilog may have changed because the following files changed:
                        C:\Users\Acacio\Documents\GitHub\FPGA_design\FPGA2memory\component\work\prj_2_memory_sb\prj_2_memory_sb.v (N/A, 2026-06-29 09:55:06) <-- (may instantiate this module)
                        C:\Users\Acacio\Documents\GitHub\FPGA_design\FPGA2memory\hdl\MRSC_decoder.sv (N/A, 2025-05-28 11:46:25) <-- (may instantiate this module)
                        C:\Users\Acacio\Documents\GitHub\FPGA_design\FPGA2memory\hdl\MRSC_encoder.sv (N/A, 2025-05-28 11:46:25) <-- (may instantiate this module)
                        C:\Users\Acacio\Documents\GitHub\FPGA_design\FPGA2memory\hdl\TBEC_RSC_decoder.sv (N/A, 2025-05-28 11:46:25) <-- (module definition)
                        C:\Users\Acacio\Documents\GitHub\FPGA_design\FPGA2memory\hdl\TBEC_RSC_encoder.sv (N/A, 2025-05-28 11:46:25) <-- (may instantiate this module)
                        C:\Users\Acacio\Documents\GitHub\FPGA_design\FPGA2memory\hdl\design.sv (N/A, 2025-05-28 11:46:25) <-- (may instantiate this module)
                        C:\Users\Acacio\Documents\GitHub\FPGA_design\FPGA2memory\hdl\ecc_design.sv (N/A, 2026-06-29 09:55:06) <-- (may instantiate this module)
3        work.TBEC_RSC_encoder.verilog may have changed because the following files changed:
                        C:\Users\Acacio\Documents\GitHub\FPGA_design\FPGA2memory\component\work\prj_2_memory_sb\prj_2_memory_sb.v (N/A, 2026-06-29 09:55:06) <-- (may instantiate this module)
                        C:\Users\Acacio\Documents\GitHub\FPGA_design\FPGA2memory\hdl\MRSC_decoder.sv (N/A, 2025-05-28 11:46:25) <-- (may instantiate this module)
                        C:\Users\Acacio\Documents\GitHub\FPGA_design\FPGA2memory\hdl\MRSC_encoder.sv (N/A, 2025-05-28 11:46:25) <-- (may instantiate this module)
                        C:\Users\Acacio\Documents\GitHub\FPGA_design\FPGA2memory\hdl\TBEC_RSC_decoder.sv (N/A, 2025-05-28 11:46:25) <-- (may instantiate this module)
                        C:\Users\Acacio\Documents\GitHub\FPGA_design\FPGA2memory\hdl\TBEC_RSC_encoder.sv (N/A, 2025-05-28 11:46:25) <-- (module definition)
                        C:\Users\Acacio\Documents\GitHub\FPGA_design\FPGA2memory\hdl\design.sv (N/A, 2025-05-28 11:46:25) <-- (may instantiate this module)
                        C:\Users\Acacio\Documents\GitHub\FPGA_design\FPGA2memory\hdl\ecc_design.sv (N/A, 2026-06-29 09:55:06) <-- (may instantiate this module)
15       work.XTLOSC.verilog may have changed because the following files changed:
                        C:\Users\Acacio\Documents\GitHub\FPGA_design\FPGA2memory\component\Actel\SgCore\OSC\2.0.101\osc_comps.v (N/A, 2025-05-28 11:46:25) <-- (module definition)
                        C:\Users\Acacio\Documents\GitHub\FPGA_design\FPGA2memory\component\work\OSC_C0\OSC_C0.v (N/A, 2025-05-28 11:46:25) <-- (may instantiate this module)
                        C:\Users\Acacio\Documents\GitHub\FPGA_design\FPGA2memory\component\work\OSC_C0\OSC_C0_0\OSC_C0_OSC_C0_0_OSC.v (N/A, 2025-05-28 11:46:25) <-- (may instantiate this module)
                        C:\Users\Acacio\Documents\GitHub\FPGA_design\FPGA2memory\component\work\prj_2_memory_sb\prj_2_memory_sb.v (N/A, 2026-06-29 09:55:06) <-- (may instantiate this module)
16       work.XTLOSC_FAB.verilog may have changed because the following files changed:
                        C:\Users\Acacio\Documents\GitHub\FPGA_design\FPGA2memory\component\Actel\SgCore\OSC\2.0.101\osc_comps.v (N/A, 2025-05-28 11:46:25) <-- (module definition)
                        C:\Users\Acacio\Documents\GitHub\FPGA_design\FPGA2memory\component\work\OSC_C0\OSC_C0.v (N/A, 2025-05-28 11:46:25) <-- (may instantiate this module)
                        C:\Users\Acacio\Documents\GitHub\FPGA_design\FPGA2memory\component\work\OSC_C0\OSC_C0_0\OSC_C0_OSC_C0_0_OSC.v (N/A, 2025-05-28 11:46:25) <-- (may instantiate this module)
                        C:\Users\Acacio\Documents\GitHub\FPGA_design\FPGA2memory\component\work\prj_2_memory_sb\prj_2_memory_sb.v (N/A, 2026-06-29 09:55:06) <-- (may instantiate this module)
4        work.ecc_design.verilog may have changed because the following files changed:
                        C:\Users\Acacio\Documents\GitHub\FPGA_design\FPGA2memory\component\work\prj_2_memory_sb\prj_2_memory_sb.v (N/A, 2026-06-29 09:55:06) <-- (may instantiate this module)
                        C:\Users\Acacio\Documents\GitHub\FPGA_design\FPGA2memory\hdl\MRSC_decoder.sv (N/A, 2025-05-28 11:46:25) <-- (may instantiate this module)
                        C:\Users\Acacio\Documents\GitHub\FPGA_design\FPGA2memory\hdl\MRSC_encoder.sv (N/A, 2025-05-28 11:46:25) <-- (may instantiate this module)
                        C:\Users\Acacio\Documents\GitHub\FPGA_design\FPGA2memory\hdl\TBEC_RSC_decoder.sv (N/A, 2025-05-28 11:46:25) <-- (may instantiate this module)
                        C:\Users\Acacio\Documents\GitHub\FPGA_design\FPGA2memory\hdl\TBEC_RSC_encoder.sv (N/A, 2025-05-28 11:46:25) <-- (may instantiate this module)
                        C:\Users\Acacio\Documents\GitHub\FPGA_design\FPGA2memory\hdl\design.sv (N/A, 2025-05-28 11:46:25) <-- (may instantiate this module)
                        C:\Users\Acacio\Documents\GitHub\FPGA_design\FPGA2memory\hdl\ecc_design.sv (N/A, 2026-06-29 09:55:06) <-- (module definition)
5        work.fpga_top_design.verilog may have changed because the following files changed:
                        C:\Users\Acacio\Documents\GitHub\FPGA_design\FPGA2memory\component\work\prj_2_memory_sb\prj_2_memory_sb.v (N/A, 2026-06-29 09:55:06) <-- (may instantiate this module)
                        C:\Users\Acacio\Documents\GitHub\FPGA_design\FPGA2memory\hdl\MRSC_decoder.sv (N/A, 2025-05-28 11:46:25) <-- (may instantiate this module)
                        C:\Users\Acacio\Documents\GitHub\FPGA_design\FPGA2memory\hdl\MRSC_encoder.sv (N/A, 2025-05-28 11:46:25) <-- (may instantiate this module)
                        C:\Users\Acacio\Documents\GitHub\FPGA_design\FPGA2memory\hdl\TBEC_RSC_decoder.sv (N/A, 2025-05-28 11:46:25) <-- (may instantiate this module)
                        C:\Users\Acacio\Documents\GitHub\FPGA_design\FPGA2memory\hdl\TBEC_RSC_encoder.sv (N/A, 2025-05-28 11:46:25) <-- (may instantiate this module)
                        C:\Users\Acacio\Documents\GitHub\FPGA_design\FPGA2memory\hdl\design.sv (N/A, 2025-05-28 11:46:25) <-- (module definition)
                        C:\Users\Acacio\Documents\GitHub\FPGA_design\FPGA2memory\hdl\ecc_design.sv (N/A, 2026-06-29 09:55:06) <-- (may instantiate this module)
6        work.prj_2_memory_sb.verilog may have changed because the following files changed:
                        C:\Users\Acacio\Documents\GitHub\FPGA_design\FPGA2memory\component\work\prj_2_memory_sb\prj_2_memory_sb.v (N/A, 2026-06-29 09:55:06) <-- (module definition)

*******************************************************************
Unmodified files: 0
FID:  path (timestamp)

*******************************************************************
Unchanged modules: 0
MID:  lib.cell.view
