{
"Synplify Pro (R) Job Log" : {
	"Date" : "09:56:01    29-Jun-2026",
	"Working Directory" : "C:/Users/Acacio/Documents/GitHub/FPGA_design/FPGA2memory/synthesis",
	"Install" : "C:/Microchip/Libero_SoC_2025.2/Libero_SoC/Synplify_Pro"
},
"synthesis" :{
   "Job Flow" : "Sequential",
   "Start Time" : "09:55:46",
   "Runtime" : "15s",
   "Executable Run Time" : "12s",
   "synthesis" : {
      "Job Flow" : "Sequential",
      "Start Time" : "09:55:46",
      "Runtime" : "15s",
      "Executable Run Time" : "12s",
      "compile" : {
         "Job Flow" : "Sequential",
         "Start Time" : "09:55:46",
         "Runtime" : "10s",
         "Executable Run Time" : "08s",
         "compile_flow" : {
            "Job Flow" : "Sequential",
            "Start Time" : "09:55:46",
            "Runtime" : "08s",
            "Executable Run Time" : "06s",
            "compiler" : {
               "executable" : "bin64/c_hdl.exe",
               "Run Directory" : "C:/Users/Acacio/Documents/GitHub/FPGA_design/FPGA2memory/synthesis",
               "Run State" : "Complete",
               "Return Code" : "0",
               "Run Success" : "yes",
               "Run Start Time" : "09:55:46",
               "Run Time" : "07s",
               "Exe Run Time" : "05s",
               "max_parallel_jobs" : "4",
               "Memory Usage" : "-",
               "Up-to-date (run skipped)" : "no"
            },
            "multi_srs_gen" : {
               "executable" : "bin64/syn_nfilter.exe",
               "Run Directory" : "C:/Users/Acacio/Documents/GitHub/FPGA_design/FPGA2memory/synthesis",
               "Run State" : "Complete",
               "Return Code" : "0",
               "Run Success" : "yes",
               "Run Start Time" : "09:55:53",
               "Run Time" : "01s",
               "Exe Run Time" : "01s",
               "Memory Usage" : "-",
               "Up-to-date (run skipped)" : "no"
            }
         },
         "premap" : {
            "executable" : "bin64/m_generic.exe",
            "Run Directory" : "C:/Users/Acacio/Documents/GitHub/FPGA_design/FPGA2memory/synthesis",
            "Run State" : "Complete",
            "Return Code" : "1",
            "Run Success" : "yes",
            "Run Start Time" : "09:55:54",
            "Run Time" : "02s",
            "Exe Run Time" : "02s",
            "max_parallel_jobs" : "4",
            "Memory Usage" : "-",
            "Up-to-date (run skipped)" : "no"
         }
      },
      "map" : {
         "Job Flow" : "Sequential",
         "Start Time" : "09:55:57",
         "Runtime" : "04s",
         "Executable Run Time" : "04s",
         "fpga_mapper" : {
            "executable" : "bin64/m_generic.exe",
            "Run Directory" : "C:/Users/Acacio/Documents/GitHub/FPGA_design/FPGA2memory/synthesis",
            "Run State" : "Complete",
            "Return Code" : "1",
            "Run Success" : "yes",
            "Run Start Time" : "09:55:57",
            "Run Time" : "04s",
            "Exe Run Time" : "04s",
            "max_parallel_jobs" : "4",
            "Memory Usage" : "-",
            "Up-to-date (run skipped)" : "no"
         }
      }
   }
}
}